     1                                  bits 32 ; assembling for 32-bit architecture
     2                                  global  start
     3                                  
     4                                  extern  exit ; declare external exit function (defined in msvcrt.dll)
     5                                  import  exit msvcrt.dll ; import exit from msvcrt.dll
     6                                  
     7                                  segment data use32 class=data ; data segment for variables
     8 00000000 73                          a db 115
     9 00000001 78                          b db 120
    10 00000002 79                          c db 121
    11 00000003 8B                          d db 139
    12                                  
    13                                  segment code use32 class=code ; code segment
    14                                  start:
    15 00000000 66B80000                    mov AX,0
    16 00000004 A0[02000000]                mov AL, [c]     
    17 00000009 660305[03000000]            add AX, [d]
    18 00000010 660305[03000000]            add AX, [d]
    19 00000017 66BA0000                    mov DX, 0
    20 0000001B 0215[00000000]              add DL, [a]
    21 00000021 660315[00000000]            add DX, [a]
    22 00000028 660315[01000000]            add DX, [b]
    23 0000002F 6629D0                      SUB AX,DX
    24 00000032 E8(00000000)                call exit       
    25                                  
    26                                      
    27                                      ;(c+d+d)-(a+a+b)
