     1                                  bits 32 ; assembling for 32-bit architecture
     2                                  global  start
     3                                  
     4                                  extern  exit ; declare external exit function (defined in msvcrt.dll)
     5                                  import  exit msvcrt.dll ; import exit from msvcrt.dll
     6                                  
     7                                  segment data use32 class=data ; data segment for variables
     8 00000000 02                          a db 2
     9 00000001 07                          b db 7
    10 00000002 6400                        e dw 100
    11 00000004 C800                        f dw 200 
    12 00000006 2C01                        g dw 300
    13                                  
    14                                  segment code use32 class=code ; code segment
    15                                  start:
    16 00000000 66A1[02000000]               mov ax,[e]
    17 00000006 660305[04000000]             add ax,[f]
    18 0000000D 660305[06000000]             add ax,[g]
    19 00000014 668B1D[00000000]             mov bx,[a]
    20 0000001B 66031D[01000000]             add bx,[b]
    21 00000022 66F7F3                       div bx
    22                                  
    23 00000025 E8(00000000)                call exit
    24                                      ;(e+f+g)/(a+b)
    25                                  
