     1                                  bits 32 ; assembling for 32-bit architecture
     2                                  global  start
     3                                  
     4                                  extern  exit ; declare external exit function (defined in msvcrt.dll)
     5                                  import  exit msvcrt.dll ; import exit from msvcrt.dll
     6                                  
     7                                  segment data use32 class=data ; data segment for variables
     8 00000000 02                          a db 2
     9 00000001 07                          b db 7
    10 00000002 03                          c db 3
    11 00000003 06                          d db 6
    12                                  
    13                                  segment code use32 class=code ; code segment
    14                                  start:
    15 00000000 A0[00000000]                mov al,[a] ;a
    16 00000005 66F725[03000000]            mul word[d];a*d; d*ax
    17 0000000C 88C3                        mov bl,al  ;copiem al in bl
    18 0000000E A0[02000000]                mov al,[c] ;c
    19 00000013 8A0D[01000000]              mov cl,[b] ;b
    20 00000019 F6E1                        mul cl     ;c*b
    21 0000001B 00D8                        add al,bl  ;a*d+b*c
    22 0000001D FF15[00000000]              call [exit]    
    23                                  
    24                                      
    25                                      ;a*d+b*c
    26                                  
