     1                                  bits 32 ;asamblare si compilare pentru arhitectura de 32 biti
     2                                  ; definim punctul de intrare in programul principal
     3                                  global  start 
     4                                  
     5                                  extern  exit ; indicam asamblorului ca exit exista, chiar daca noi nu o vom defini
     6                                  import  exit msvcrt.dll; exit este o functie care incheie procesul, este definita in msvcrt.dll
     7                                          ; msvcrt.dll contine exit, printf si toate celelalte functii C-runtime importante
     8                                  segment  data use32 class=data ; segmentul de date in care se vor defini variabilele 
     9 00000000 09                      	a  db 9
    10 00000001 07                      	b  db 7
    11                                  segment  code use32 class=code ; segmentul de cod
    12                                  start:
    13 00000000 B000                        mov AL,0
    14 00000002 A0[00000000]                mov AL,[a]
    15 00000007 0205[01000000]              add AL,[b]
    16 0000000D FF15[00000000]              call [exit]
