     1                                  bits 32 ;asamblare si compilare pentru arhitectura de 32 biti
     2                                  ; definim punctul de intrare in programul principal
     3                                  global  start 
     4                                  
     5                                  extern  exit ; indicam asamblorului ca exit exista, chiar daca noi nu o vom defini
     6                                  import  exit msvcrt.dll; exit este o functie care incheie procesul, este definita in msvcrt.dll
     7                                          ; msvcrt.dll contine exit, printf si toate celelalte functii C-runtime importante
     8                                  segment  data use32 class=data ; segmentul de date in care se vor defini variabilele 
     9 00000000 04                      	a  db 4
    10 00000001 40                      	b  db 64
    11                                  segment  code use32 class=code ; segmentul de cod
    12                                  start: 
    13 00000000 A0[00000000]                mov AL,[a]
    14 00000005 8A15[01000000]              mov DL,[b]
    15 0000000B F6E2                        mul DL
    16 0000000D E8(00000000)                call exit
