     1                                  bits 32 ; assembling for 32-bit architecture
     2                                  global  start
     3                                  
     4                                  extern  exit ; declare external exit function (defined in msvcrt.dll)
     5                                  import  exit msvcrt.dll ; import exit from msvcrt.dll
     6                                  
     7                                  segment data use32 class=data ; data segment for variables
     8 00000000 03                           a db 3
     9 00000001 6204                         b dw 1122
    10 00000003 44332211                     c dd 11_22_33_44h
    11 00000007 8877665544332211             d dq 11_22_33_44_55_66_77_88h
    12                                  segment code use32 class=code ; code segment
    13                                  start:
    14 00000000 B800000000                  mov eax,0
    15 00000005 A0[00000000]                mov al,[a]
    16 0000000A 660305[01000000]            add ax,[b]
    17                                     
    18                                     
    19                                  ;(a + b + c) - (d + d) + (b + c)
    20                                  
    21                                  
