     1                                  bits 32
     2                                  
     3                                  global start
     4                                  
     5                                  ; declare external functions needed by our program
     6                                  extern exit, fopen, fprintf, fclose, printf, scanf,fscanf
     7                                  import exit msvcrt.dll
     8                                  import fopen msvcrt.dll
     9                                  import fprintf msvcrt.dll
    10                                  import fclose msvcrt.dll
    11                                  import exit msvcrt.dll    
    12                                  import printf msvcrt.dll    ; tell the assembler that function printf is found in msvcrt.dll library
    13                                  import scanf msvcrt.dll     ; similar for scanf
    14                                  import fscanf msvcrt.dll
    15                                  
    16                                  segment data use32 class=data
    17 00000000 <res 00000064>              file_name resb 100
    18 00000064 <res 00000001>              caracter resb 1
    19 00000065 7200                        access_mode db 'r', 0
    20 00000067 FFFFFFFF                    file_descriptor dd -1
    21 0000006B 25732B3100                  stringformat db "%s+1", 0
    22 00000070 256300                      caracterformat db "%c",0
    23 00000073 <res 00000064>              text resb 100
    24                                      
    25                                  segment code use32 class=code
    26                                  start:
    27 00000000 68[64000000]                push dword caracter
    28 00000005 68[70000000]                push dword caracterformat
    29 0000000A FF15[00000000]              call [scanf]
    30 00000010 83C408                      add esp, 4 * 2
    31                                  
    32 00000013 68[00000000]                push dword file_name
    33 00000018 68[6B000000]                push dword stringformat
    34 0000001D FF15[00000000]              call [scanf]
    35 00000023 83C408                      add esp, 4 * 2
    36                                     
    37 00000026 68[65000000]                push dword access_mode
    38 0000002B 68[00000000]                push dword file_name
    39 00000030 FF15[00000000]              call [fopen]
    40 00000036 83C408                      add esp, 4 * 2
    41                                     
    42 00000039 83F800                      cmp eax, 0
    43 0000003C 7444                        je final
    44                                     
    45 0000003E A3[67000000]                mov [file_descriptor], eax
    46                                      
    47                                      read:
    48 00000043 68[73000000]                    push dword text         
    49 00000048 68[6B000000]                    push dword stringformat  
    50 0000004D FF35[67000000]                  push dword [file_descriptor]  
    51 00000053 FF15[00000000]                  call [fscanf]            
    52 00000059 83C40C                          add esp, 4 * 3            
    53 0000005C 83F800                          cmp eax, 0               
    54 0000005F 7E12                            jle close
    55                                          
    56 00000061 68[73000000]                    push dword text
    57 00000066 68[6B000000]                    push dword stringformat
    58 0000006B FF15[00000000]                  call [printf]
    59                                     
    60 00000071 EBD0                            jmp read
    61                                      
    62                                      close:
    63 00000073 FF35[67000000]                  push dword [file_descriptor]
    64 00000079 FF15[00000000]                  call [fclose]
    65 0000007F 83C404                          add esp, 4
    66                                      final:
    67 00000082 FF15[00000000]              call [exit]
