     1                                  ;IV. A string of doublewords is given. From each of these doublewords form a new word by taking the higher byte of the higher word and the higher byte of the lower word. All these new obtained words will be stored i
     2                                  ;if the string of doublewards is:
     3                                  ;sir dd 1234A678h, 12783634h, 1A4D3C25h,
     4                                  ;then the string of words
     5                                  ;containing the higher byte of the higher word and the higher byte of the lower word for each doubleword is: 12A6h, 1256h, 1A3Ch and the number of bits 1 from all the words of this string is. 6+6+7=19. The number 19
     6                                  
     7                                  bits 32
     8                                  global start        
     9                                  
    10                                  extern scanf, printf, exit            
    11                                  import scanf msvcrt.dll
    12                                  import printf msvcrt.dll
    13                                  import exit msvcrt.dll
    14                                  
    15                                  segment data use32 class=data
    16 00000000 00                          a db 256
    16          ******************       warning: byte data exceeds bounds [-w+number-overflow]
    17 00000001 01                          b db -255
    17          ******************       warning: byte data exceeds bounds [-w+number-overflow]
    18                                      
    19                                  segment code use32 class=code
    20                                  start:
    21                                     
    22                                      
    23                                      
    24                                     
    25                                     
    26                                     
